// Jest Snapshot v1, https://goo.gl/fbAQLP

exports[`App component renders App 1`] = `
<Fragment>
  <BrowserRouter>
    <Nav />
    <Route
      component={[Function]}
      exact={true}
      path="/"
    />
    <Route
      component={[Function]}
      path="/notesDetail/:id"
    />
    <Route
      component={[Function]}
      path="/editForm/:id"
    />
    <Route
      component={[Function]}
      exact={true}
      path="/notesForm"
    />
  </BrowserRouter>
</Fragment>
`;
